2025-07-26 21:52:52,774 - INFO - Connecting to 149.154.175.59:443/TcpFull...
2025-07-26 21:52:52,908 - INFO - Connection to 149.154.175.59:443/TcpFull complete!
2025-07-26 21:52:53,620 - INFO - Processing group: jonluxx
2025-07-26 21:52:54,024 - INFO - Checked 100 messages in jonluxx
2025-07-26 21:52:54,351 - INFO - Checked 200 messages in jonluxx
2025-07-26 21:52:54,780 - INFO - Checked 300 messages in jonluxx
2025-07-26 21:52:55,204 - INFO - Checked 400 messages in jonluxx
2025-07-26 21:52:55,555 - INFO - Checked 500 messages in jonluxx
2025-07-26 21:52:55,910 - INFO - Checked 600 messages in jonluxx
2025-07-26 21:52:56,205 - INFO - Checked 677 messages in jonluxx
2025-07-26 21:52:56,384 - INFO - Checked 677 messages in jonluxx
2025-07-26 21:52:56,385 - INFO - Found 634 eligible videos in jonluxx
2025-07-26 21:52:56,387 - INFO - Starting direct file download in chunks of 131072 at 0, stride 131072
2025-07-26 21:52:56,536 - INFO - File lives in another DC
2025-07-26 21:52:56,691 - INFO - Connecting to 91.108.56.173:443/TcpFull...
2025-07-26 21:52:59,489 - INFO - Connection to 91.108.56.173:443/TcpFull complete!
2025-07-26 21:52:59,489 - INFO - Exporting auth for new borrowed sender in DcOption(id=5, ip_address='91.108.56.173', port=443, ipv6=False, media_only=False, tcpo_only=False, cdn=False, static=False, this_port_only=False, secret=None)
2025-07-26 21:53:23,563 - INFO - Downloaded 2025-05-29_745.mp4 from jonluxx
2025-07-26 21:53:23,565 - ERROR - Failed to download video 745 from jonluxx: name 'asyncio' is not defined
2025-07-26 21:53:23,567 - INFO - Starting direct file download in chunks of 131072 at 0, stride 131072
2025-07-26 21:53:23,708 - INFO - File lives in another DC
2025-07-26 21:53:38,698 - INFO - Downloaded 2025-05-29_744.mp4 from jonluxx
2025-07-26 21:53:38,699 - ERROR - Failed to download video 744 from jonluxx: name 'asyncio' is not defined
2025-07-26 21:53:38,701 - INFO - Starting direct file download in chunks of 131072 at 0, stride 131072
2025-07-26 21:53:38,840 - INFO - File lives in another DC
2025-07-26 22:04:38,335 - INFO - Connecting to 149.154.175.59:443/TcpFull...
2025-07-26 22:04:38,479 - INFO - Connection to 149.154.175.59:443/TcpFull complete!
2025-07-26 22:04:39,304 - INFO - Processing group: jonluxx
2025-07-26 22:04:39,682 - INFO - Checked 100 messages in jonluxx
2025-07-26 22:04:40,025 - INFO - Checked 200 messages in jonluxx
2025-07-26 22:04:40,454 - INFO - Checked 300 messages in jonluxx
2025-07-26 22:04:40,873 - INFO - Checked 400 messages in jonluxx
2025-07-26 22:04:41,328 - INFO - Checked 500 messages in jonluxx
2025-07-26 22:04:41,680 - INFO - Checked 600 messages in jonluxx
2025-07-26 22:04:41,999 - INFO - Checked 677 messages in jonluxx
2025-07-26 22:04:42,158 - INFO - Checked 677 messages in jonluxx
2025-07-26 22:04:42,158 - INFO - Found 634 eligible videos in jonluxx
2025-07-26 22:04:42,160 - INFO - Starting direct file download in chunks of 131072 at 0, stride 131072
2025-07-26 22:04:42,320 - INFO - File lives in another DC
2025-07-26 22:04:42,488 - INFO - Connecting to 91.108.56.173:443/TcpFull...
2025-07-26 22:04:44,926 - INFO - Connection to 91.108.56.173:443/TcpFull complete!
2025-07-26 22:04:44,926 - INFO - Exporting auth for new borrowed sender in DcOption(id=5, ip_address='91.108.56.173', port=443, ipv6=False, media_only=False, tcpo_only=False, cdn=False, static=False, this_port_only=False, secret=None)
2025-07-26 22:05:21,099 - INFO - Connecting to 149.154.175.59:443/TcpFull...
2025-07-26 22:05:21,224 - INFO - Connection to 149.154.175.59:443/TcpFull complete!
2025-07-26 22:05:21,941 - INFO - Processing group: jonluxx
2025-07-26 22:05:22,274 - INFO - Checked 100 messages in jonluxx
2025-07-26 22:05:22,276 - INFO - Skipping video 745 from jonluxx: Already downloaded as 2025-05-29_745.mp4
2025-07-26 22:05:22,276 - INFO - Skipping video 744 from jonluxx: Already downloaded as 2025-05-29_744.mp4
2025-07-26 22:05:22,277 - INFO - Skipping video 743 from jonluxx: Already downloaded as 2025-05-29_743.mp4
2025-07-26 22:05:22,592 - INFO - Checked 200 messages in jonluxx
2025-07-26 22:05:22,904 - INFO - Checked 300 messages in jonluxx
2025-07-26 22:05:23,263 - INFO - Checked 400 messages in jonluxx
2025-07-26 22:05:23,567 - INFO - Checked 500 messages in jonluxx
2025-07-26 22:05:23,882 - INFO - Checked 600 messages in jonluxx
2025-07-26 22:05:24,157 - INFO - Checked 677 messages in jonluxx
2025-07-26 22:05:24,292 - INFO - Checked 677 messages in jonluxx
2025-07-26 22:05:24,293 - INFO - Found 631 eligible videos in jonluxx
2025-07-26 22:05:24,295 - INFO - Starting direct file download in chunks of 131072 at 0, stride 131072
2025-07-26 22:05:24,430 - INFO - File lives in another DC
2025-07-26 22:05:24,567 - INFO - Connecting to 91.108.56.173:443/TcpFull...
2025-07-26 22:05:26,870 - INFO - Connection to 91.108.56.173:443/TcpFull complete!
2025-07-26 22:05:26,870 - INFO - Exporting auth for new borrowed sender in DcOption(id=5, ip_address='91.108.56.173', port=443, ipv6=False, media_only=False, tcpo_only=False, cdn=False, static=False, this_port_only=False, secret=None)
2025-07-26 22:05:41,632 - INFO - Downloaded 2025-05-29_742.mp4 from jonluxx
2025-07-26 22:05:41,632 - ERROR - Failed to download video 742 from jonluxx: name 'asyncio' is not defined
2025-07-26 22:05:41,634 - INFO - Starting direct file download in chunks of 131072 at 0, stride 131072
2025-07-26 22:05:41,766 - INFO - File lives in another DC
2025-07-26 22:06:37,053 - INFO - Downloaded 2025-05-29_741.mp4 from jonluxx
2025-07-26 22:06:37,054 - ERROR - Failed to download video 741 from jonluxx: name 'asyncio' is not defined
2025-07-26 22:06:37,056 - INFO - Starting direct file download in chunks of 131072 at 0, stride 131072
2025-07-26 22:06:37,185 - INFO - File lives in another DC
2025-07-26 22:06:45,939 - INFO - Downloaded 2025-05-29_740.mp4 from jonluxx
2025-07-26 22:06:45,939 - ERROR - Failed to download video 740 from jonluxx: name 'asyncio' is not defined
2025-07-26 22:06:45,941 - INFO - Starting direct file download in chunks of 131072 at 0, stride 131072
2025-07-26 22:06:46,077 - INFO - File lives in another DC
2025-07-26 22:06:48,672 - INFO - Downloaded 2025-05-29_739.mp4 from jonluxx
2025-07-26 22:06:48,672 - ERROR - Failed to download video 739 from jonluxx: name 'asyncio' is not defined
2025-07-26 22:06:48,674 - INFO - Starting direct file download in chunks of 131072 at 0, stride 131072
2025-07-26 22:06:48,809 - INFO - File lives in another DC
2025-07-26 22:06:56,841 - INFO - Downloaded 2025-05-29_738.mp4 from jonluxx
2025-07-26 22:06:56,842 - ERROR - Failed to download video 738 from jonluxx: name 'asyncio' is not defined
2025-07-26 22:06:56,843 - INFO - Starting direct file download in chunks of 131072 at 0, stride 131072
2025-07-26 22:06:56,984 - INFO - File lives in another DC
2025-07-26 22:10:40,153 - INFO - Connecting to 149.154.175.59:443/TcpFull...
2025-07-26 22:10:40,287 - INFO - Connection to 149.154.175.59:443/TcpFull complete!
2025-07-26 22:10:41,006 - INFO - Processing group: jonluxx
2025-07-26 22:10:41,369 - INFO - Checked 100 messages in jonluxx
2025-07-26 22:10:41,369 - INFO - Skipping video 745 from jonluxx: Already downloaded as 2025-05-29_745.mp4
2025-07-26 22:10:41,706 - INFO - Checked 200 messages in jonluxx
2025-07-26 22:10:42,041 - INFO - Checked 300 messages in jonluxx
2025-07-26 22:10:42,419 - INFO - Checked 400 messages in jonluxx
2025-07-26 22:10:42,741 - INFO - Checked 500 messages in jonluxx
2025-07-26 22:10:43,075 - INFO - Checked 600 messages in jonluxx
2025-07-26 22:10:43,350 - INFO - Checked 677 messages in jonluxx
2025-07-26 22:10:43,501 - INFO - Checked 677 messages in jonluxx
2025-07-26 22:10:43,502 - INFO - Found 633 eligible videos in jonluxx
2025-07-26 22:10:43,504 - INFO - Starting direct file download in chunks of 131072 at 0, stride 131072
2025-07-26 22:10:43,647 - INFO - File lives in another DC
2025-07-26 22:10:43,790 - INFO - Connecting to 91.108.56.173:443/TcpFull...
2025-07-26 22:10:46,132 - INFO - Connection to 91.108.56.173:443/TcpFull complete!
2025-07-26 22:10:46,132 - INFO - Exporting auth for new borrowed sender in DcOption(id=5, ip_address='91.108.56.173', port=443, ipv6=False, media_only=False, tcpo_only=False, cdn=False, static=False, this_port_only=False, secret=None)
2025-07-26 22:11:05,513 - INFO - Downloaded 2025-05-29_744.mp4 from jonluxx
2025-07-26 22:11:06,518 - INFO - Starting direct file download in chunks of 131072 at 0, stride 131072
2025-07-26 22:11:06,670 - INFO - File lives in another DC
2025-07-26 22:11:29,527 - INFO - Downloaded 2025-05-29_743.mp4 from jonluxx
2025-07-26 22:11:30,543 - INFO - Starting direct file download in chunks of 131072 at 0, stride 131072
2025-07-26 22:11:30,702 - INFO - File lives in another DC
2025-07-26 22:35:29,467 - INFO - Connecting to 149.154.175.59:443/TcpFull...
2025-07-26 22:35:29,626 - INFO - Connection to 149.154.175.59:443/TcpFull complete!
2025-07-26 22:35:30,564 - INFO - Processing group: jonluxx
2025-07-26 22:35:30,963 - INFO - Checked 100 messages in jonluxx
2025-07-26 22:35:31,327 - INFO - Checked 200 messages in jonluxx
2025-07-26 22:35:31,700 - INFO - Checked 300 messages in jonluxx
2025-07-26 22:35:32,126 - INFO - Checked 400 messages in jonluxx
2025-07-26 22:35:32,487 - INFO - Checked 500 messages in jonluxx
2025-07-26 22:35:32,845 - INFO - Checked 600 messages in jonluxx
2025-07-26 22:35:33,186 - INFO - Checked 677 messages in jonluxx
2025-07-26 22:35:33,359 - INFO - Checked 677 messages in jonluxx
2025-07-26 22:35:33,359 - INFO - Found 634 eligible videos in jonluxx
2025-07-26 22:35:33,362 - INFO - Starting direct file download in chunks of 131072 at 0, stride 131072
2025-07-26 22:35:33,528 - INFO - File lives in another DC
2025-07-26 22:35:33,722 - INFO - Connecting to 91.108.56.173:443/TcpFull...
2025-07-26 22:35:36,307 - INFO - Connection to 91.108.56.173:443/TcpFull complete!
2025-07-26 22:35:36,307 - INFO - Exporting auth for new borrowed sender in DcOption(id=5, ip_address='91.108.56.173', port=443, ipv6=False, media_only=False, tcpo_only=False, cdn=False, static=False, this_port_only=False, secret=None)
2025-07-26 22:35:59,252 - INFO - Downloaded 2025-05-29_745.mp4 from jonluxx
2025-07-26 22:36:00,267 - INFO - Starting direct file download in chunks of 131072 at 0, stride 131072
2025-07-26 22:36:00,450 - INFO - File lives in another DC
2025-07-26 22:36:15,355 - INFO - Downloaded 2025-05-29_744.mp4 from jonluxx
2025-07-26 22:36:16,360 - INFO - Starting direct file download in chunks of 131072 at 0, stride 131072
2025-07-26 22:36:16,532 - INFO - File lives in another DC
2025-07-26 22:36:38,967 - INFO - Downloaded 2025-05-29_743.mp4 from jonluxx
2025-07-26 22:36:39,976 - INFO - Starting direct file download in chunks of 131072 at 0, stride 131072
2025-07-26 22:36:40,142 - INFO - File lives in another DC
2025-07-26 22:36:52,611 - INFO - Downloaded 2025-05-29_742.mp4 from jonluxx
2025-07-26 22:36:53,619 - INFO - Starting direct file download in chunks of 131072 at 0, stride 131072
2025-07-26 22:36:53,786 - INFO - File lives in another DC
2025-07-26 22:37:50,220 - INFO - Downloaded 2025-05-29_741.mp4 from jonluxx
2025-07-26 22:37:51,226 - INFO - Starting direct file download in chunks of 131072 at 0, stride 131072
2025-07-26 22:37:51,396 - INFO - File lives in another DC
2025-07-26 22:38:02,195 - INFO - Downloaded 2025-05-29_740.mp4 from jonluxx
2025-07-26 22:38:03,201 - INFO - Starting direct file download in chunks of 131072 at 0, stride 131072
2025-07-26 22:38:03,374 - INFO - File lives in another DC
2025-07-26 22:38:06,337 - INFO - Downloaded 2025-05-29_739.mp4 from jonluxx
2025-07-26 22:38:07,354 - INFO - Starting direct file download in chunks of 131072 at 0, stride 131072
2025-07-26 22:38:07,531 - INFO - File lives in another DC
2025-07-26 22:38:16,759 - INFO - Downloaded 2025-05-29_738.mp4 from jonluxx
2025-07-26 22:38:17,768 - INFO - Starting direct file download in chunks of 131072 at 0, stride 131072
2025-07-26 22:38:17,933 - INFO - File lives in another DC
2025-07-26 22:38:43,910 - INFO - Downloaded 2025-05-29_737.mp4 from jonluxx
2025-07-26 22:38:44,918 - INFO - Starting direct file download in chunks of 131072 at 0, stride 131072
2025-07-26 22:38:45,111 - INFO - File lives in another DC
2025-07-26 22:39:14,208 - INFO - Downloaded 2025-05-29_736.mp4 from jonluxx
2025-07-26 22:39:15,220 - INFO - Starting direct file download in chunks of 131072 at 0, stride 131072
2025-07-26 22:39:15,387 - INFO - File lives in another DC
2025-07-26 22:40:00,838 - INFO - Downloaded 2024-12-30_732.mp4 from jonluxx
2025-07-26 22:40:01,854 - INFO - Starting direct file download in chunks of 131072 at 0, stride 131072
2025-07-26 22:40:02,024 - INFO - File lives in another DC
2025-07-26 22:40:34,276 - INFO - Downloaded 2024-12-30_731.mp4 from jonluxx
2025-07-26 22:40:35,290 - INFO - Starting direct file download in chunks of 131072 at 0, stride 131072
2025-07-26 22:40:35,458 - INFO - File lives in another DC
2025-07-26 22:41:10,527 - INFO - Downloaded 2024-12-30_730.mp4 from jonluxx
2025-07-26 22:41:11,539 - INFO - Starting direct file download in chunks of 131072 at 0, stride 131072
2025-07-26 22:41:11,709 - INFO - File lives in another DC
2025-07-26 22:41:22,139 - INFO - Downloaded 2024-12-30_729.mp4 from jonluxx
2025-07-26 22:41:23,148 - INFO - Starting direct file download in chunks of 131072 at 0, stride 131072
2025-07-26 22:41:23,316 - INFO - File lives in another DC
2025-07-26 22:41:45,502 - INFO - Downloaded 2024-12-30_728.mp4 from jonluxx
2025-07-26 22:41:46,508 - INFO - Starting direct file download in chunks of 131072 at 0, stride 131072
2025-07-26 22:41:46,674 - INFO - File lives in another DC
2025-07-26 22:42:02,802 - INFO - Downloaded 2024-12-30_727.mp4 from jonluxx
2025-07-26 22:42:03,808 - INFO - Starting direct file download in chunks of 131072 at 0, stride 131072
2025-07-26 22:42:03,975 - INFO - File lives in another DC
2025-07-26 22:42:37,109 - INFO - Downloaded 2024-12-30_726.mp4 from jonluxx
2025-07-26 22:42:38,125 - INFO - Starting direct file download in chunks of 131072 at 0, stride 131072
2025-07-26 22:42:38,299 - INFO - File lives in another DC
2025-07-26 22:42:59,187 - INFO - Downloaded 2024-12-30_725.mp4 from jonluxx
2025-07-26 22:43:00,198 - INFO - Starting direct file download in chunks of 131072 at 0, stride 131072
2025-07-26 22:43:00,366 - INFO - File lives in another DC
2025-07-26 22:43:39,948 - INFO - Downloaded 2024-12-30_724.mp4 from jonluxx
2025-07-26 22:43:40,961 - INFO - Starting direct file download in chunks of 131072 at 0, stride 131072
2025-07-26 22:43:41,130 - INFO - File lives in another DC
2025-07-26 22:44:21,507 - INFO - Downloaded 2024-12-30_723.mp4 from jonluxx
2025-07-26 22:44:22,522 - INFO - Starting direct file download in chunks of 131072 at 0, stride 131072
2025-07-26 22:44:22,691 - INFO - File lives in another DC
2025-07-26 22:44:28,209 - INFO - Downloaded 2024-12-30_722.mp4 from jonluxx
2025-07-26 22:44:29,224 - INFO - Starting direct file download in chunks of 131072 at 0, stride 131072
2025-07-26 22:44:29,399 - INFO - File lives in another DC
2025-07-26 22:44:45,093 - INFO - Downloaded 2024-12-30_721.mp4 from jonluxx
2025-07-26 22:44:46,111 - INFO - Starting direct file download in chunks of 131072 at 0, stride 131072
2025-07-26 22:44:46,423 - INFO - File lives in another DC
2025-07-26 22:45:38,502 - INFO - Downloaded 2024-12-30_720.mp4 from jonluxx
2025-07-26 22:45:39,505 - INFO - Starting direct file download in chunks of 131072 at 0, stride 131072
2025-07-26 22:45:39,693 - INFO - File lives in another DC
2025-07-26 22:45:52,901 - INFO - Downloaded 2024-12-30_719.mp4 from jonluxx
2025-07-26 22:45:53,908 - INFO - Starting direct file download in chunks of 131072 at 0, stride 131072
2025-07-26 22:45:54,075 - INFO - File lives in another DC
2025-07-26 22:46:28,327 - INFO - Downloaded 2024-12-30_718.mp4 from jonluxx
2025-07-26 22:46:29,334 - INFO - Starting direct file download in chunks of 131072 at 0, stride 131072
2025-07-26 22:46:29,531 - INFO - File lives in another DC
2025-07-26 22:47:26,993 - INFO - Downloaded 2024-12-30_717.mp4 from jonluxx
2025-07-26 22:47:28,001 - INFO - Starting direct file download in chunks of 131072 at 0, stride 131072
2025-07-26 22:47:28,176 - INFO - File lives in another DC
2025-07-26 22:47:39,269 - INFO - Downloaded 2024-12-30_716.mp4 from jonluxx
2025-07-26 22:47:40,272 - INFO - Starting direct file download in chunks of 131072 at 0, stride 131072
2025-07-26 22:47:40,441 - INFO - File lives in another DC
2025-07-26 22:48:08,683 - INFO - Downloaded 2024-12-30_715.mp4 from jonluxx
2025-07-26 22:48:09,700 - INFO - Starting direct file download in chunks of 131072 at 0, stride 131072
2025-07-26 22:48:10,310 - INFO - File lives in another DC
2025-07-26 22:48:47,331 - INFO - Downloaded 2024-12-30_714.mp4 from jonluxx
2025-07-26 22:48:48,340 - INFO - Starting direct file download in chunks of 131072 at 0, stride 131072
2025-07-26 22:48:48,524 - INFO - File lives in another DC
2025-07-26 22:49:00,753 - INFO - Downloaded 2024-12-30_713.mp4 from jonluxx
2025-07-26 22:49:01,767 - INFO - Starting direct file download in chunks of 131072 at 0, stride 131072
2025-07-26 22:49:01,954 - INFO - File lives in another DC
2025-07-26 22:49:35,938 - INFO - Downloaded 2024-12-30_712.mp4 from jonluxx
2025-07-26 22:49:36,955 - INFO - Starting direct file download in chunks of 131072 at 0, stride 131072
2025-07-26 22:49:37,137 - INFO - File lives in another DC
2025-07-26 22:49:56,828 - INFO - Downloaded 2024-12-30_711.mp4 from jonluxx
2025-07-26 22:49:57,839 - INFO - Starting direct file download in chunks of 131072 at 0, stride 131072
2025-07-26 22:49:58,006 - INFO - File lives in another DC
2025-07-26 22:51:55,594 - INFO - Downloaded 2024-12-30_710.mp4 from jonluxx
2025-07-26 22:51:56,599 - INFO - Starting direct file download in chunks of 131072 at 0, stride 131072
2025-07-26 22:51:56,767 - INFO - File lives in another DC
2025-07-26 22:52:17,203 - INFO - Downloaded 2024-12-30_709.mp4 from jonluxx
2025-07-26 22:52:18,213 - INFO - Starting direct file download in chunks of 131072 at 0, stride 131072
2025-07-26 22:52:18,379 - INFO - File lives in another DC
2025-07-26 22:52:35,641 - INFO - Downloaded 2024-12-30_708.mp4 from jonluxx
2025-07-26 22:52:36,652 - INFO - Starting direct file download in chunks of 131072 at 0, stride 131072
2025-07-26 22:52:36,818 - INFO - File lives in another DC
2025-07-26 22:52:57,102 - INFO - Downloaded 2024-12-30_707.mp4 from jonluxx
2025-07-26 22:52:58,120 - INFO - Starting direct file download in chunks of 131072 at 0, stride 131072
2025-07-26 22:52:58,393 - INFO - File lives in another DC
2025-07-26 22:53:14,095 - INFO - Downloaded 2024-12-30_706.mp4 from jonluxx
2025-07-26 22:53:15,108 - INFO - Starting direct file download in chunks of 131072 at 0, stride 131072
2025-07-26 22:53:15,276 - INFO - File lives in another DC
2025-07-26 22:53:21,244 - INFO - Downloaded 2024-12-30_705.mp4 from jonluxx
2025-07-26 22:53:22,252 - INFO - Starting direct file download in chunks of 131072 at 0, stride 131072
2025-07-26 22:53:22,418 - INFO - File lives in another DC
2025-07-26 22:53:29,560 - INFO - Downloaded 2024-12-30_704.mp4 from jonluxx
2025-07-26 22:53:30,573 - INFO - Starting direct file download in chunks of 131072 at 0, stride 131072
2025-07-26 22:53:30,740 - INFO - File lives in another DC
2025-07-26 22:54:53,111 - INFO - Downloaded 2024-12-30_703.mp4 from jonluxx
2025-07-26 22:54:54,126 - INFO - Starting direct file download in chunks of 131072 at 0, stride 131072
2025-07-26 22:54:54,298 - INFO - File lives in another DC
2025-07-26 22:55:08,404 - INFO - Downloaded 2024-12-30_702.mp4 from jonluxx
2025-07-26 22:55:09,414 - INFO - Starting direct file download in chunks of 131072 at 0, stride 131072
2025-07-26 22:55:09,599 - INFO - File lives in another DC
2025-07-26 22:55:49,297 - INFO - Downloaded 2024-12-30_701.mp4 from jonluxx
2025-07-26 22:55:50,304 - INFO - Starting direct file download in chunks of 131072 at 0, stride 131072
2025-07-26 22:55:50,483 - INFO - File lives in another DC
2025-07-26 22:56:38,173 - INFO - Downloaded 2024-12-30_700.mp4 from jonluxx
2025-07-26 22:56:39,191 - INFO - Starting direct file download in chunks of 131072 at 0, stride 131072
2025-07-26 22:56:39,362 - INFO - File lives in another DC
2025-07-26 22:57:45,217 - INFO - Downloaded 2024-12-30_699.mp4 from jonluxx
2025-07-26 22:57:46,234 - INFO - Starting direct file download in chunks of 131072 at 0, stride 131072
2025-07-26 22:57:46,407 - INFO - File lives in another DC
2025-07-26 22:58:19,000 - INFO - Downloaded 2024-12-30_698.mp4 from jonluxx
2025-07-26 22:58:20,011 - INFO - Starting direct file download in chunks of 131072 at 0, stride 131072
2025-07-26 22:58:20,177 - INFO - File lives in another DC
2025-07-26 22:58:52,795 - INFO - Downloaded 2024-12-30_697.mp4 from jonluxx
2025-07-26 22:58:53,810 - INFO - Starting direct file download in chunks of 131072 at 0, stride 131072
2025-07-26 22:58:53,979 - INFO - File lives in another DC
2025-07-26 22:59:10,007 - INFO - Downloaded 2024-12-30_696.mp4 from jonluxx
2025-07-26 22:59:11,021 - INFO - Starting direct file download in chunks of 131072 at 0, stride 131072
2025-07-26 22:59:11,207 - INFO - File lives in another DC
2025-07-26 22:59:48,112 - INFO - Downloaded 2024-12-30_695.mp4 from jonluxx
2025-07-26 22:59:49,116 - INFO - Starting direct file download in chunks of 131072 at 0, stride 131072
2025-07-26 22:59:49,286 - INFO - File lives in another DC
